                                      1 ;--------------------------------------------------------
                                      2 ; File Created by SDCC : free open source ANSI-C Compiler
                                      3 ; Version 4.1.6 #12439 (MINGW32)
                                      4 ;--------------------------------------------------------
                                      5 	.module main
                                      6 	.optsdcc -mgbz80
                                      7 	
                                      8 ;--------------------------------------------------------
                                      9 ; Public variables in this module
                                     10 ;--------------------------------------------------------
                                     11 	.globl _main
                                     12 	.globl _setupcar_light
                                     13 	.globl _performantdelay
                                     14 	.globl _movegamecharacter
                                     15 	.globl _set_sprite_data
                                     16 	.globl _wait_vbl_done
                                     17 	.globl _joypad
                                     18 	.globl _spritesize
                                     19 	.globl _car1
                                     20 	.globl _car_light
                                     21 ;--------------------------------------------------------
                                     22 ; special function registers
                                     23 ;--------------------------------------------------------
                                     24 ;--------------------------------------------------------
                                     25 ; ram data
                                     26 ;--------------------------------------------------------
                                     27 	.area _DATA
      000000                         28 _car1::
      000000                         29 	.ds 8
                                     30 ;--------------------------------------------------------
                                     31 ; ram data
                                     32 ;--------------------------------------------------------
                                     33 	.area _INITIALIZED
      000000                         34 _spritesize::
      000000                         35 	.ds 1
                                     36 ;--------------------------------------------------------
                                     37 ; absolute external ram data
                                     38 ;--------------------------------------------------------
                                     39 	.area _DABS (ABS)
                                     40 ;--------------------------------------------------------
                                     41 ; global & static initialisations
                                     42 ;--------------------------------------------------------
                                     43 	.area _HOME
                                     44 	.area _GSINIT
                                     45 	.area _GSFINAL
                                     46 	.area _GSINIT
                                     47 ;--------------------------------------------------------
                                     48 ; Home
                                     49 ;--------------------------------------------------------
                                     50 	.area _HOME
                                     51 	.area _HOME
                                     52 ;--------------------------------------------------------
                                     53 ; code
                                     54 ;--------------------------------------------------------
                                     55 	.area _CODE
                                     56 ;main.c:16: void movegamecharacter(struct GameCharacter* character, UINT8 x, UINT8 y){
                                     57 ;	---------------------------------
                                     58 ; Function movegamecharacter
                                     59 ; ---------------------------------
      000000                         60 _movegamecharacter::
      000000 E8 FD                   61 	add	sp, #-3
                                     62 ;main.c:17: move_sprite(character->spritids[0], x, y);
      000002 F8 08                   63 	ldhl	sp,	#8
      000004 7E                      64 	ld	a, (hl)
      000005 F8 00                   65 	ldhl	sp,	#0
      000007 77                      66 	ld	(hl), a
      000008 F8 07                   67 	ldhl	sp,	#7
      00000A 7E                      68 	ld	a, (hl)
      00000B F8 01                   69 	ldhl	sp,	#1
      00000D 77                      70 	ld	(hl), a
      00000E F8 05                   71 	ldhl	sp,	#5
      000010 2A                      72 	ld	a, (hl+)
      000011 5F                      73 	ld	e, a
      000012 56                      74 	ld	d, (hl)
      000013 1A                      75 	ld	a, (de)
                                     76 ;../../gbdk/include/gb/gb.h:1247: OAM_item_t * itm = &shadow_OAM[nb];
      000014 6F                      77 	ld	l, a
                                     78 ;	spillPairReg hl
                                     79 ;	spillPairReg hl
      000015 26 00                   80 	ld	h, #0x00
                                     81 ;	spillPairReg hl
                                     82 ;	spillPairReg hl
      000017 29                      83 	add	hl, hl
      000018 29                      84 	add	hl, hl
      000019 01r00r00                85 	ld	bc, #_shadow_OAM
      00001C 09                      86 	add	hl, bc
      00001D 4D                      87 	ld	c, l
      00001E 44                      88 	ld	b, h
                                     89 ;../../gbdk/include/gb/gb.h:1248: itm->y=y, itm->x=x;
      00001F F8 00                   90 	ldhl	sp,	#0
      000021 2A                      91 	ld	a, (hl+)
      000022 02                      92 	ld	(bc), a
      000023 03                      93 	inc	bc
      000024 7E                      94 	ld	a, (hl)
      000025 02                      95 	ld	(bc), a
                                     96 ;main.c:18: move_sprite(character->spritids[1], x + spritesize, y);
      000026 7E                      97 	ld	a, (hl)
                                     98 ;setupPair	HL
      000027 21r00r00                99 	ld	hl, #_spritesize
      00002A 86                     100 	add	a, (hl)
      00002B 6B                     101 	ld	l, e
                                    102 ;	spillPairReg hl
                                    103 ;	spillPairReg hl
      00002C 62                     104 	ld	h, d
                                    105 ;	spillPairReg hl
                                    106 ;	spillPairReg hl
      00002D 23                     107 	inc	hl
      00002E 4E                     108 	ld	c, (hl)
      00002F F8 02                  109 	ldhl	sp,	#2
      000031 77                     110 	ld	(hl), a
                                    111 ;../../gbdk/include/gb/gb.h:1247: OAM_item_t * itm = &shadow_OAM[nb];
      000032 69                     112 	ld	l, c
                                    113 ;	spillPairReg hl
                                    114 ;	spillPairReg hl
      000033 26 00                  115 	ld	h, #0x00
                                    116 ;	spillPairReg hl
                                    117 ;	spillPairReg hl
      000035 29                     118 	add	hl, hl
      000036 29                     119 	add	hl, hl
      000037 01r00r00               120 	ld	bc, #_shadow_OAM
      00003A 09                     121 	add	hl, bc
      00003B 4D                     122 	ld	c, l
      00003C 44                     123 	ld	b, h
                                    124 ;../../gbdk/include/gb/gb.h:1248: itm->y=y, itm->x=x;
      00003D F8 00                  125 	ldhl	sp,	#0
      00003F 2A                     126 	ld	a, (hl+)
      000040 23                     127 	inc	hl
      000041 02                     128 	ld	(bc), a
      000042 03                     129 	inc	bc
                                    130 ;main.c:19: move_sprite(character->spritids[2], x, y + spritesize);
      000043 3A                     131 	ld	a, (hl-)
      000044 2B                     132 	dec	hl
      000045 02                     133 	ld	(bc), a
      000046 7E                     134 	ld	a, (hl)
                                    135 ;setupPair	HL
      000047 21r00r00               136 	ld	hl, #_spritesize
      00004A 86                     137 	add	a, (hl)
      00004B 4F                     138 	ld	c, a
      00004C 6B                     139 	ld	l, e
                                    140 ;	spillPairReg hl
                                    141 ;	spillPairReg hl
      00004D 62                     142 	ld	h, d
                                    143 ;	spillPairReg hl
                                    144 ;	spillPairReg hl
      00004E 23                     145 	inc	hl
      00004F 23                     146 	inc	hl
                                    147 ;../../gbdk/include/gb/gb.h:1247: OAM_item_t * itm = &shadow_OAM[nb];
      000050 6E                     148 	ld	l, (hl)
                                    149 ;	spillPairReg hl
                                    150 ;	spillPairReg hl
      000051 26 00                  151 	ld	h, #0x00
                                    152 ;	spillPairReg hl
                                    153 ;	spillPairReg hl
      000053 29                     154 	add	hl, hl
      000054 29                     155 	add	hl, hl
      000055 D5                     156 	push	de
      000056 11r00r00               157 	ld	de, #_shadow_OAM
      000059 19                     158 	add	hl, de
      00005A D1                     159 	pop	de
                                    160 ;../../gbdk/include/gb/gb.h:1248: itm->y=y, itm->x=x;
      00005B 79                     161 	ld	a, c
      00005C 22                     162 	ld	(hl+), a
      00005D 4D                     163 	ld	c, l
      00005E 44                     164 	ld	b, h
      00005F F8 01                  165 	ldhl	sp,	#1
                                    166 ;main.c:20: move_sprite(character->spritids[3], x + spritesize, y + spritesize);
      000061 3A                     167 	ld	a, (hl-)
      000062 02                     168 	ld	(bc), a
      000063 7E                     169 	ld	a, (hl)
                                    170 ;setupPair	HL
      000064 21r00r00               171 	ld	hl, #_spritesize
      000067 86                     172 	add	a, (hl)
      000068 47                     173 	ld	b, a
      000069 F8 01                  174 	ldhl	sp,	#1
      00006B 7E                     175 	ld	a, (hl)
                                    176 ;setupPair	HL
      00006C 21r00r00               177 	ld	hl, #_spritesize
      00006F 86                     178 	add	a, (hl)
      000070 4F                     179 	ld	c, a
      000071 13                     180 	inc	de
      000072 13                     181 	inc	de
      000073 13                     182 	inc	de
      000074 1A                     183 	ld	a, (de)
                                    184 ;../../gbdk/include/gb/gb.h:1247: OAM_item_t * itm = &shadow_OAM[nb];
      000075 6F                     185 	ld	l, a
                                    186 ;	spillPairReg hl
                                    187 ;	spillPairReg hl
      000076 26 00                  188 	ld	h, #0x00
                                    189 ;	spillPairReg hl
                                    190 ;	spillPairReg hl
      000078 29                     191 	add	hl, hl
      000079 29                     192 	add	hl, hl
      00007A 11r00r00               193 	ld	de, #_shadow_OAM
      00007D 19                     194 	add	hl, de
                                    195 ;../../gbdk/include/gb/gb.h:1248: itm->y=y, itm->x=x;
      00007E 78                     196 	ld	a, b
      00007F 22                     197 	ld	(hl+), a
      000080 71                     198 	ld	(hl), c
                                    199 ;main.c:20: move_sprite(character->spritids[3], x + spritesize, y + spritesize);
                                    200 ;main.c:21: }
      000081 E8 03                  201 	add	sp, #3
      000083 C9                     202 	ret
      000084                        203 _car_light:
      000084 0F                     204 	.db #0x0f	; 15
      000085 0F                     205 	.db #0x0f	; 15
      000086 08                     206 	.db #0x08	; 8
      000087 0F                     207 	.db #0x0f	; 15
      000088 13                     208 	.db #0x13	; 19
      000089 1C                     209 	.db #0x1c	; 28
      00008A 1B                     210 	.db #0x1b	; 27
      00008B 14                     211 	.db #0x14	; 20
      00008C 1F                     212 	.db #0x1f	; 31
      00008D 10                     213 	.db #0x10	; 16
      00008E 1D                     214 	.db #0x1d	; 29
      00008F 12                     215 	.db #0x12	; 18
      000090 14                     216 	.db #0x14	; 20
      000091 1B                     217 	.db #0x1b	; 27
      000092 17                     218 	.db #0x17	; 23
      000093 1F                     219 	.db #0x1f	; 31
      000094 0F                     220 	.db #0x0f	; 15
      000095 0F                     221 	.db #0x0f	; 15
      000096 0B                     222 	.db #0x0b	; 11
      000097 0F                     223 	.db #0x0f	; 15
      000098 0F                     224 	.db #0x0f	; 15
      000099 08                     225 	.db #0x08	; 8
      00009A 17                     226 	.db #0x17	; 23
      00009B 18                     227 	.db #0x18	; 24
      00009C 17                     228 	.db #0x17	; 23
      00009D 18                     229 	.db #0x18	; 24
      00009E 1F                     230 	.db #0x1f	; 31
      00009F 17                     231 	.db #0x17	; 23
      0000A0 08                     232 	.db #0x08	; 8
      0000A1 0F                     233 	.db #0x0f	; 15
      0000A2 0F                     234 	.db #0x0f	; 15
      0000A3 0F                     235 	.db #0x0f	; 15
      0000A4 F0                     236 	.db #0xf0	; 240
      0000A5 F0                     237 	.db #0xf0	; 240
      0000A6 10                     238 	.db #0x10	; 16
      0000A7 F0                     239 	.db #0xf0	; 240
      0000A8 C8                     240 	.db #0xc8	; 200
      0000A9 38                     241 	.db #0x38	; 56	'8'
      0000AA D8                     242 	.db #0xd8	; 216
      0000AB 28                     243 	.db #0x28	; 40
      0000AC F8                     244 	.db #0xf8	; 248
      0000AD 08                     245 	.db #0x08	; 8
      0000AE B8                     246 	.db #0xb8	; 184
      0000AF 48                     247 	.db #0x48	; 72	'H'
      0000B0 28                     248 	.db #0x28	; 40
      0000B1 D8                     249 	.db #0xd8	; 216
      0000B2 E8                     250 	.db #0xe8	; 232
      0000B3 F8                     251 	.db #0xf8	; 248
      0000B4 F0                     252 	.db #0xf0	; 240
      0000B5 F0                     253 	.db #0xf0	; 240
      0000B6 D0                     254 	.db #0xd0	; 208
      0000B7 F0                     255 	.db #0xf0	; 240
      0000B8 F0                     256 	.db #0xf0	; 240
      0000B9 10                     257 	.db #0x10	; 16
      0000BA E8                     258 	.db #0xe8	; 232
      0000BB 18                     259 	.db #0x18	; 24
      0000BC E8                     260 	.db #0xe8	; 232
      0000BD 18                     261 	.db #0x18	; 24
      0000BE F8                     262 	.db #0xf8	; 248
      0000BF E8                     263 	.db #0xe8	; 232
      0000C0 10                     264 	.db #0x10	; 16
      0000C1 F0                     265 	.db #0xf0	; 240
      0000C2 F0                     266 	.db #0xf0	; 240
      0000C3 F0                     267 	.db #0xf0	; 240
                                    268 ;main.c:23: void performantdelay(UINT8 numloops){
                                    269 ;	---------------------------------
                                    270 ; Function performantdelay
                                    271 ; ---------------------------------
      0000C4                        272 _performantdelay::
                                    273 ;main.c:25: for(i = 0; i < numloops; i++){
      0000C4 0E 00                  274 	ld	c, #0x00
      0000C6                        275 00103$:
      0000C6 79                     276 	ld	a, c
      0000C7 F8 02                  277 	ldhl	sp,	#2
      0000C9 96                     278 	sub	a, (hl)
      0000CA D0                     279 	ret	NC
                                    280 ;main.c:26: wait_vbl_done();
      0000CB CDr00r00               281 	call	_wait_vbl_done
                                    282 ;main.c:25: for(i = 0; i < numloops; i++){
      0000CE 0C                     283 	inc	c
                                    284 ;main.c:28: }
      0000CF 18 F5                  285 	jr	00103$
                                    286 ;main.c:30: void setupcar_light(){
                                    287 ;	---------------------------------
                                    288 ; Function setupcar_light
                                    289 ; ---------------------------------
      0000D1                        290 _setupcar_light::
                                    291 ;main.c:31: car1.x = 80;
      0000D1 01r00r00               292 	ld	bc, #_car1+0
      0000D4 21r04r00               293 	ld	hl, #(_car1 + 4)
      0000D7 36 50                  294 	ld	(hl), #0x50
                                    295 ;main.c:32: car1.y = 130;
      0000D9 21r05r00               296 	ld	hl, #(_car1 + 5)
      0000DC 36 82                  297 	ld	(hl), #0x82
                                    298 ;main.c:33: car1.width = 16;
      0000DE 21r06r00               299 	ld	hl, #(_car1 + 6)
      0000E1 36 10                  300 	ld	(hl), #0x10
                                    301 ;main.c:34: car1.height = 16;
      0000E3 21r07r00               302 	ld	hl, #(_car1 + 7)
      0000E6 36 10                  303 	ld	(hl), #0x10
                                    304 ;../../gbdk/include/gb/gb.h:1174: shadow_OAM[nb].tile=tile;
      0000E8 21r02r00               305 	ld	hl, #(_shadow_OAM + 2)
      0000EB 36 00                  306 	ld	(hl), #0x00
                                    307 ;main.c:38: car1.spritids[0] = 0;
      0000ED AF                     308 	xor	a, a
      0000EE 02                     309 	ld	(bc), a
                                    310 ;../../gbdk/include/gb/gb.h:1174: shadow_OAM[nb].tile=tile;
      0000EF 21r06r00               311 	ld	hl, #(_shadow_OAM + 6)
      0000F2 36 02                  312 	ld	(hl), #0x02
                                    313 ;main.c:40: car1.spritids[1] = 1;
      0000F4 21r01r00               314 	ld	hl, #(_car1 + 1)
      0000F7 36 01                  315 	ld	(hl), #0x01
                                    316 ;../../gbdk/include/gb/gb.h:1174: shadow_OAM[nb].tile=tile;
      0000F9 21r0Ar00               317 	ld	hl, #(_shadow_OAM + 10)
      0000FC 36 01                  318 	ld	(hl), #0x01
                                    319 ;main.c:42: car1.spritids[2] = 2;
      0000FE 21r02r00               320 	ld	hl, #(_car1 + 2)
      000101 36 02                  321 	ld	(hl), #0x02
                                    322 ;../../gbdk/include/gb/gb.h:1174: shadow_OAM[nb].tile=tile;
      000103 21r0Er00               323 	ld	hl, #(_shadow_OAM + 14)
      000106 36 03                  324 	ld	(hl), #0x03
                                    325 ;main.c:44: car1.spritids[3] = 3;
      000108 21r03r00               326 	ld	hl, #(_car1 + 3)
      00010B 36 03                  327 	ld	(hl), #0x03
                                    328 ;main.c:46: movegamecharacter(&car1, car1.x, car1.y);
      00010D FAr05r00               329 	ld	a, (#(_car1 + 5) + 0)
      000110 21r04r00               330 	ld	hl, #(_car1 + 4)
      000113 66                     331 	ld	h, (hl)
                                    332 ;	spillPairReg hl
      000114 F5                     333 	push	af
      000115 33                     334 	inc	sp
      000116 E5                     335 	push	hl
      000117 33                     336 	inc	sp
      000118 C5                     337 	push	bc
      000119 CDr00r00               338 	call	_movegamecharacter
      00011C E8 04                  339 	add	sp, #4
                                    340 ;main.c:47: }
      00011E C9                     341 	ret
                                    342 ;main.c:49: void main(){
                                    343 ;	---------------------------------
                                    344 ; Function main
                                    345 ; ---------------------------------
      00011F                        346 _main::
                                    347 ;main.c:50: set_sprite_data(0,4, car_light);
      00011F 11r84r00               348 	ld	de, #_car_light
      000122 D5                     349 	push	de
      000123 21 00 04               350 	ld	hl, #0x400
      000126 E5                     351 	push	hl
      000127 CDr00r00               352 	call	_set_sprite_data
      00012A E8 04                  353 	add	sp, #4
                                    354 ;main.c:51: setupcar_light();
      00012C CDrD1r00               355 	call	_setupcar_light
                                    356 ;main.c:52: SHOW_SPRITES;
      00012F F0r00                  357 	ldh	a, (_LCDC_REG + 0)
      000131 F6 02                  358 	or	a, #0x02
      000133 E0r00                  359 	ldh	(_LCDC_REG + 0), a
                                    360 ;main.c:53: DISPLAY_ON;
      000135 F0r00                  361 	ldh	a, (_LCDC_REG + 0)
      000137 F6 80                  362 	or	a, #0x80
      000139 E0r00                  363 	ldh	(_LCDC_REG + 0), a
                                    364 ;main.c:55: while(1){
      00013B                        365 00106$:
                                    366 ;main.c:56: if(joypad() & J_LEFT){
      00013B CDr00r00               367 	call	_joypad
      00013E CB 4B                  368 	bit	1, e
      000140 28 19                  369 	jr	Z, 00102$
                                    370 ;main.c:57: car1.x -= 2;
      000142 11r04r00               371 	ld	de, #_car1 + 4
      000145 1A                     372 	ld	a, (de)
      000146 3D                     373 	dec	a
      000147 3D                     374 	dec	a
      000148 12                     375 	ld	(de), a
                                    376 ;main.c:58: movegamecharacter(&car1, car1.x, car1.y);
      000149 21r05r00               377 	ld	hl, #_car1 + 5
      00014C 46                     378 	ld	b, (hl)
      00014D 1A                     379 	ld	a, (de)
      00014E C5                     380 	push	bc
      00014F 33                     381 	inc	sp
      000150 F5                     382 	push	af
      000151 33                     383 	inc	sp
      000152 11r00r00               384 	ld	de, #_car1
      000155 D5                     385 	push	de
      000156 CDr00r00               386 	call	_movegamecharacter
      000159 E8 04                  387 	add	sp, #4
      00015B                        388 00102$:
                                    389 ;main.c:60: if(joypad() & J_RIGHT){
      00015B CDr00r00               390 	call	_joypad
      00015E 7B                     391 	ld	a, e
      00015F 0F                     392 	rrca
      000160 30 1A                  393 	jr	NC, 00104$
                                    394 ;main.c:61: car1.x += 2;
      000162 01r04r00               395 	ld	bc, #_car1 + 4
      000165 0A                     396 	ld	a, (bc)
      000166 C6 02                  397 	add	a, #0x02
      000168 02                     398 	ld	(bc), a
                                    399 ;main.c:62: movegamecharacter(&car1, car1.x, car1.y);
      000169 21r05r00               400 	ld	hl, #_car1 + 5
      00016C 5E                     401 	ld	e, (hl)
      00016D 0A                     402 	ld	a, (bc)
      00016E 63                     403 	ld	h, e
                                    404 ;	spillPairReg hl
                                    405 ;	spillPairReg hl
      00016F E5                     406 	push	hl
      000170 33                     407 	inc	sp
      000171 F5                     408 	push	af
      000172 33                     409 	inc	sp
      000173 11r00r00               410 	ld	de, #_car1
      000176 D5                     411 	push	de
      000177 CDr00r00               412 	call	_movegamecharacter
      00017A E8 04                  413 	add	sp, #4
      00017C                        414 00104$:
                                    415 ;main.c:64: performantdelay(5);    
      00017C 3E 05                  416 	ld	a, #0x05
      00017E F5                     417 	push	af
      00017F 33                     418 	inc	sp
      000180 CDrC4r00               419 	call	_performantdelay
      000183 33                     420 	inc	sp
                                    421 ;main.c:66: }
      000184 18 B5                  422 	jr	00106$
                                    423 	.area _CODE
                                    424 	.area _INITIALIZER
      000000                        425 __xinit__spritesize:
      000000 08                     426 	.db #0x08	; 8
                                    427 	.area _CABS (ABS)
                                     12 	.globl _set_sprite_data
                                     13 	.globl _set_bkg_tiles
                                     14 	.globl _set_bkg_data
                                     15 	.globl _delay
                                     16 	.globl _TileLabel
                                     17 	.globl _map
                                     18 	.globl _car_light
                                     19 ;--------------------------------------------------------
                                     20 ; special function registers
                                     21 ;--------------------------------------------------------
                                     22 ;--------------------------------------------------------
                                     23 ; ram data
                                     24 ;--------------------------------------------------------
                                     25 	.area _DATA
                                     26 ;--------------------------------------------------------
                                     27 ; ram data
                                     28 ;--------------------------------------------------------
                                     29 	.area _INITIALIZED
                                     30 ;--------------------------------------------------------
                                     31 ; absolute external ram data
                                     32 ;--------------------------------------------------------
                                     33 	.area _DABS (ABS)
                                     34 ;--------------------------------------------------------
                                     35 ; global & static initialisations
                                     36 ;--------------------------------------------------------
                                     37 	.area _HOME
                                     38 	.area _GSINIT
                                     39 	.area _GSFINAL
                                     40 	.area _GSINIT
                                     41 ;--------------------------------------------------------
                                     42 ; Home
                                     43 ;--------------------------------------------------------
                                     44 	.area _HOME
                                     45 	.area _HOME
                                     46 ;--------------------------------------------------------
                                     47 ; code
                                     48 ;--------------------------------------------------------
                                     49 	.area _CODE
                                     50 ;main.c:7: void main(){
                                     51 ;	---------------------------------
                                     52 ; Function main
                                     53 ; ---------------------------------
      000000                         54 _main::
                                     55 ;main.c:8: UINT8 currentspriteindex = 0;
      000000 0E 00                   56 	ld	c, #0x00
                                     57 ;main.c:11: set_bkg_data(0, 10, map);
      000002 11rB2r00                58 	ld	de, #_map
      000005 D5                      59 	push	de
      000006 21 00 0A                60 	ld	hl, #0xa00
      000009 E5                      61 	push	hl
      00000A CDr00r00                62 	call	_set_bkg_data
      00000D E8 04                   63 	add	sp, #4
                                     64 ;main.c:12: set_bkg_tiles(0, 0, 40, 18, TileLabel);
      00000F 11r1Br01                65 	ld	de, #_TileLabel
      000012 D5                      66 	push	de
      000013 21 28 12                67 	ld	hl, #0x1228
      000016 E5                      68 	push	hl
      000017 AF                      69 	xor	a, a
      000018 0F                      70 	rrca
      000019 F5                      71 	push	af
      00001A CDr00r00                72 	call	_set_bkg_tiles
      00001D E8 06                   73 	add	sp, #6
                                     74 ;main.c:13: SHOW_BKG;
      00001F F0r00                   75 	ldh	a, (_LCDC_REG + 0)
      000021 F6 01                   76 	or	a, #0x01
      000023 E0r00                   77 	ldh	(_LCDC_REG + 0), a
                                     78 ;main.c:14: DISPLAY_ON;
      000025 F0r00                   79 	ldh	a, (_LCDC_REG + 0)
      000027 F6 80                   80 	or	a, #0x80
      000029 E0r00                   81 	ldh	(_LCDC_REG + 0), a
                                     82 ;main.c:16: set_sprite_data(0, 2, car_light);
      00002B 11r72r00                83 	ld	de, #_car_light
      00002E D5                      84 	push	de
      00002F 21 00 02                85 	ld	hl, #0x200
      000032 E5                      86 	push	hl
      000033 CDr00r00                87 	call	_set_sprite_data
      000036 E8 04                   88 	add	sp, #4
                                     89 ;C:/Users/campb/Documents/gbdk/include/gb/gb.h:1174: shadow_OAM[nb].tile=tile;
      000038 21r02r00                90 	ld	hl, #(_shadow_OAM + 2)
      00003B 36 00                   91 	ld	(hl), #0x00
                                     92 ;C:/Users/campb/Documents/gbdk/include/gb/gb.h:1247: OAM_item_t * itm = &shadow_OAM[nb];
      00003D 21r00r00                93 	ld	hl, #_shadow_OAM
                                     94 ;C:/Users/campb/Documents/gbdk/include/gb/gb.h:1248: itm->y=y, itm->x=x;
      000040 3E 4E                   95 	ld	a, #0x4e
      000042 22                      96 	ld	(hl+), a
      000043 36 58                   97 	ld	(hl), #0x58
                                     98 ;main.c:19: SHOW_SPRITES;
      000045 F0r00                   99 	ldh	a, (_LCDC_REG + 0)
      000047 F6 02                  100 	or	a, #0x02
      000049 E0r00                  101 	ldh	(_LCDC_REG + 0), a
                                    102 ;main.c:21: while(1){
      00004B                        103 00105$:
                                    104 ;main.c:22: if(currentspriteindex==0){
      00004B 79                     105 	ld	a, c
      00004C B7                     106 	or	a, a
                                    107 ;main.c:23: currentspriteindex = 1;
                                    108 ;main.c:26: currentspriteindex = 0;
      00004D 0E 01                  109 	ld	c, #0x01
      00004F 28 02                  110 	jr	Z, 00103$
      000051 0E 00                  111 	ld	c, #0x00
      000053                        112 00103$:
                                    113 ;C:/Users/campb/Documents/gbdk/include/gb/gb.h:1174: shadow_OAM[nb].tile=tile;
      000053 21r02r00               114 	ld	hl, #(_shadow_OAM + 2)
      000056 71                     115 	ld	(hl), c
                                    116 ;main.c:29: delay(1000);
      000057 C5                     117 	push	bc
      000058 11 E8 03               118 	ld	de, #0x03e8
      00005B D5                     119 	push	de
      00005C CDr00r00               120 	call	_delay
      00005F E1                     121 	pop	hl
      000060 C1                     122 	pop	bc
                                    123 ;C:/Users/campb/Documents/gbdk/include/gb/gb.h:1263: OAM_item_t * itm = &shadow_OAM[nb];
      000061 11r00r00               124 	ld	de, #_shadow_OAM+0
                                    125 ;C:/Users/campb/Documents/gbdk/include/gb/gb.h:1264: itm->y+=y, itm->x+=x;
      000064 1A                     126 	ld	a, (de)
      000065 12                     127 	ld	(de), a
      000066 13                     128 	inc	de
      000067 1A                     129 	ld	a, (de)
      000068 C6 0A                  130 	add	a, #0x0a
      00006A 12                     131 	ld	(de), a
                                    132 ;C:/Users/campb/Documents/gbdk/include/gb/gb.h:860: SCX_REG+=x, SCY_REG+=y;
      00006B F0r00                  133 	ldh	a, (_SCX_REG + 0)
      00006D 3C                     134 	inc	a
      00006E E0r00                  135 	ldh	(_SCX_REG + 0), a
                                    136 ;main.c:31: scroll_bkg(1,0);
                                    137 ;main.c:33: }
      000070 18 D9                  138 	jr	00105$
      000072                        139 _car_light:
      000072 0F                     140 	.db #0x0f	; 15
      000073 0F                     141 	.db #0x0f	; 15
      000074 08                     142 	.db #0x08	; 8
      000075 0F                     143 	.db #0x0f	; 15
      000076 13                     144 	.db #0x13	; 19
      000077 1C                     145 	.db #0x1c	; 28
      000078 1B                     146 	.db #0x1b	; 27
      000079 14                     147 	.db #0x14	; 20
      00007A 1F                     148 	.db #0x1f	; 31
      00007B 10                     149 	.db #0x10	; 16
      00007C 1D                     150 	.db #0x1d	; 29
      00007D 12                     151 	.db #0x12	; 18
      00007E 14                     152 	.db #0x14	; 20
      00007F 1B                     153 	.db #0x1b	; 27
      000080 17                     154 	.db #0x17	; 23
      000081 1F                     155 	.db #0x1f	; 31
      000082 0F                     156 	.db #0x0f	; 15
      000083 0F                     157 	.db #0x0f	; 15
      000084 0B                     158 	.db #0x0b	; 11
      000085 0F                     159 	.db #0x0f	; 15
      000086 0F                     160 	.db #0x0f	; 15
      000087 08                     161 	.db #0x08	; 8
      000088 17                     162 	.db #0x17	; 23
      000089 18                     163 	.db #0x18	; 24
      00008A 17                     164 	.db #0x17	; 23
      00008B 18                     165 	.db #0x18	; 24
      00008C 1F                     166 	.db #0x1f	; 31
      00008D 17                     167 	.db #0x17	; 23
      00008E 08                     168 	.db #0x08	; 8
      00008F 0F                     169 	.db #0x0f	; 15
      000090 0F                     170 	.db #0x0f	; 15
      000091 0F                     171 	.db #0x0f	; 15
      000092 F0                     172 	.db #0xf0	; 240
      000093 F0                     173 	.db #0xf0	; 240
      000094 10                     174 	.db #0x10	; 16
      000095 F0                     175 	.db #0xf0	; 240
      000096 C8                     176 	.db #0xc8	; 200
      000097 38                     177 	.db #0x38	; 56	'8'
      000098 D8                     178 	.db #0xd8	; 216
      000099 28                     179 	.db #0x28	; 40
      00009A F8                     180 	.db #0xf8	; 248
      00009B 08                     181 	.db #0x08	; 8
      00009C B8                     182 	.db #0xb8	; 184
      00009D 48                     183 	.db #0x48	; 72	'H'
      00009E 28                     184 	.db #0x28	; 40
      00009F D8                     185 	.db #0xd8	; 216
      0000A0 E8                     186 	.db #0xe8	; 232
      0000A1 F8                     187 	.db #0xf8	; 248
      0000A2 F0                     188 	.db #0xf0	; 240
      0000A3 F0                     189 	.db #0xf0	; 240
      0000A4 D0                     190 	.db #0xd0	; 208
      0000A5 F0                     191 	.db #0xf0	; 240
      0000A6 F0                     192 	.db #0xf0	; 240
      0000A7 10                     193 	.db #0x10	; 16
      0000A8 E8                     194 	.db #0xe8	; 232
      0000A9 18                     195 	.db #0x18	; 24
      0000AA E8                     196 	.db #0xe8	; 232
      0000AB 18                     197 	.db #0x18	; 24
      0000AC F8                     198 	.db #0xf8	; 248
      0000AD E8                     199 	.db #0xe8	; 232
      0000AE 10                     200 	.db #0x10	; 16
      0000AF F0                     201 	.db #0xf0	; 240
      0000B0 F0                     202 	.db #0xf0	; 240
      0000B1 F0                     203 	.db #0xf0	; 240
      0000B2                        204 _map:
      0000B2 FF                     205 	.db #0xff	; 255
      0000B3 FA                     206 	.db #0xfa	; 250
      0000B4 75                     207 	.db #0x75	; 117	'u'
      0000B5 55                     208 	.db #0x55	; 85	'U'
      0000B6 55                     209 	.db #0x55	; 85	'U'
      0000B7 55                     210 	.db #0x55	; 85	'U'
      0000B8 DC                     211 	.db #0xdc	; 220
      0000B9 44                     212 	.db #0x44	; 68	'D'
      0000BA 44                     213 	.db #0x44	; 68	'D'
      0000BB 44                     214 	.db #0x44	; 68	'D'
      0000BC 43                     215 	.db #0x43	; 67	'C'
      0000BD 6F                     216 	.db #0x6f	; 111	'o'
      0000BE FF                     217 	.db #0xff	; 255
      0000BF FF                     218 	.db #0xff	; 255
      0000C0 A8                     219 	.db #0xa8	; 168
      0000C1 11                     220 	.db #0x11	; 17
      0000C2 11                     221 	.db #0x11	; 17
      0000C3 11                     222 	.db #0x11	; 17
      0000C4 11                     223 	.db #0x11	; 17
      0000C5 98                     224 	.db #0x98	; 152
      0000C6 00                     225 	.db #0x00	; 0
      0000C7 00                     226 	.db #0x00	; 0
      0000C8 00                     227 	.db #0x00	; 0
      0000C9 00                     228 	.db #0x00	; 0
      0000CA 46                     229 	.db #0x46	; 70	'F'
      0000CB FF                     230 	.db #0xff	; 255
      0000CC FA                     231 	.db #0xfa	; 250
      0000CD 81                     232 	.db #0x81	; 129
      0000CE 11                     233 	.db #0x11	; 17
      0000CF 11                     234 	.db #0x11	; 17
      0000D0 11                     235 	.db #0x11	; 17
      0000D1 11                     236 	.db #0x11	; 17
      0000D2 98                     237 	.db #0x98	; 152
      0000D3 00                     238 	.db #0x00	; 0
      0000D4 00                     239 	.db #0x00	; 0
      0000D5 00                     240 	.db #0x00	; 0
      0000D6 00                     241 	.db #0x00	; 0
      0000D7 04                     242 	.db #0x04	; 4
      0000D8 6F                     243 	.db #0x6f	; 111	'o'
      0000D9 F9                     244 	.db #0xf9	; 249
      0000DA 11                     245 	.db #0x11	; 17
      0000DB 11                     246 	.db #0x11	; 17
      0000DC 11                     247 	.db #0x11	; 17
      0000DD 11                     248 	.db #0x11	; 17
      0000DE 11                     249 	.db #0x11	; 17
      0000DF 98                     250 	.db #0x98	; 152
      0000E0 00                     251 	.db #0x00	; 0
      0000E1 00                     252 	.db #0x00	; 0
      0000E2 00                     253 	.db #0x00	; 0
      0000E3 00                     254 	.db #0x00	; 0
      0000E4 00                     255 	.db #0x00	; 0
      0000E5 5F                     256 	.db #0x5f	; 95
      0000E6 FE                     257 	.db #0xfe	; 254
      0000E7 11                     258 	.db #0x11	; 17
      0000E8 11                     259 	.db #0x11	; 17
      0000E9 11                     260 	.db #0x11	; 17
      0000EA 11                     261 	.db #0x11	; 17
      0000EB 11                     262 	.db #0x11	; 17
      0000EC 98                     263 	.db #0x98	; 152
      0000ED 00                     264 	.db #0x00	; 0
      0000EE 00                     265 	.db #0x00	; 0
      0000EF 00                     266 	.db #0x00	; 0
      0000F0 00                     267 	.db #0x00	; 0
      0000F1 00                     268 	.db #0x00	; 0
      0000F2 6F                     269 	.db #0x6f	; 111	'o'
      0000F3 FE                     270 	.db #0xfe	; 254
      0000F4 11                     271 	.db #0x11	; 17
      0000F5 11                     272 	.db #0x11	; 17
      0000F6 11                     273 	.db #0x11	; 17
      0000F7 11                     274 	.db #0x11	; 17
      0000F8 11                     275 	.db #0x11	; 17
      0000F9 98                     276 	.db #0x98	; 152
      0000FA 00                     277 	.db #0x00	; 0
      0000FB 00                     278 	.db #0x00	; 0
      0000FC 00                     279 	.db #0x00	; 0
      0000FD 00                     280 	.db #0x00	; 0
      0000FE 00                     281 	.db #0x00	; 0
      0000FF 6F                     282 	.db #0x6f	; 111	'o'
      000100 40                     283 	.db #0x40	; 64
      000101 11                     284 	.db #0x11	; 17
      000102 11                     285 	.db #0x11	; 17
      000103 11                     286 	.db #0x11	; 17
      000104 11                     287 	.db #0x11	; 17
      000105 11                     288 	.db #0x11	; 17
      000106 98                     289 	.db #0x98	; 152
      000107 00                     290 	.db #0x00	; 0
      000108 00                     291 	.db #0x00	; 0
      000109 00                     292 	.db #0x00	; 0
      00010A 00                     293 	.db #0x00	; 0
      00010B 00                     294 	.db #0x00	; 0
      00010C 6A                     295 	.db #0x6a	; 106	'j'
      00010D 31                     296 	.db #0x31	; 49	'1'
      00010E 11                     297 	.db #0x11	; 17
      00010F 11                     298 	.db #0x11	; 17
      000110 11                     299 	.db #0x11	; 17
      000111 11                     300 	.db #0x11	; 17
      000112 11                     301 	.db #0x11	; 17
      000113 98                     302 	.db #0x98	; 152
      000114 00                     303 	.db #0x00	; 0
      000115 00                     304 	.db #0x00	; 0
      000116 00                     305 	.db #0x00	; 0
      000117 00                     306 	.db #0x00	; 0
      000118 00                     307 	.db #0x00	; 0
      000119 79                     308 	.db #0x79	; 121	'y'
      00011A 31                     309 	.db #0x31	; 49	'1'
      00011B                        310 _TileLabel:
      00011B AA                     311 	.db #0xaa	; 170
      00011C 00                     312 	.db #0x00	; 0
      00011D 55                     313 	.db #0x55	; 85	'U'
      00011E 00                     314 	.db #0x00	; 0
      00011F AA                     315 	.db #0xaa	; 170
      000120 00                     316 	.db #0x00	; 0
      000121 55                     317 	.db #0x55	; 85	'U'
      000122 00                     318 	.db #0x00	; 0
      000123 AA                     319 	.db #0xaa	; 170
      000124 00                     320 	.db #0x00	; 0
      000125 55                     321 	.db #0x55	; 85	'U'
      000126 00                     322 	.db #0x00	; 0
      000127 AA                     323 	.db #0xaa	; 170
      000128 00                     324 	.db #0x00	; 0
      000129 55                     325 	.db #0x55	; 85	'U'
      00012A 00                     326 	.db #0x00	; 0
                                    327 	.area _CODE
                                    328 	.area _INITIALIZER
                                    329 	.area _CABS (ABS)
