                                      1 ;--------------------------------------------------------
                                      2 ; File Created by SDCC : free open source ANSI-C Compiler
                                      3 ; Version 4.1.6 #12439 (MINGW32)
                                      4 ;--------------------------------------------------------
                                      5 	.module main
                                      6 	.optsdcc -mgbz80
                                      7 	
                                      8 ;--------------------------------------------------------
                                      9 ; Public variables in this module
                                     10 ;--------------------------------------------------------
                                     11 	.globl _main
                                     12 	.globl _setupcar_light
                                     13 	.globl _performantdelay
                                     14 	.globl _movegamecharacter
                                     15 	.globl _load_car_sprite
                                     16 	.globl _set_sprite_data
                                     17 	.globl _set_bkg_tiles
                                     18 	.globl _set_bkg_data
                                     19 	.globl _wait_vbl_done
                                     20 	.globl _joypad
                                     21 	.globl _spritesize
                                     22 	.globl _car1
                                     23 	.globl _TileLabel
                                     24 	.globl _map
                                     25 	.globl _car_light
                                     26 ;--------------------------------------------------------
                                     27 ; special function registers
                                     28 ;--------------------------------------------------------
                                     29 ;--------------------------------------------------------
                                     30 ; ram data
                                     31 ;--------------------------------------------------------
                                     32 	.area _DATA
      000000                         33 _car1::
      000000                         34 	.ds 9
                                     35 ;--------------------------------------------------------
                                     36 ; ram data
                                     37 ;--------------------------------------------------------
                                     38 	.area _INITIALIZED
      000000                         39 _spritesize::
      000000                         40 	.ds 1
                                     41 ;--------------------------------------------------------
                                     42 ; absolute external ram data
                                     43 ;--------------------------------------------------------
                                     44 	.area _DABS (ABS)
                                     45 ;--------------------------------------------------------
                                     46 ; global & static initialisations
                                     47 ;--------------------------------------------------------
                                     48 	.area _HOME
                                     49 	.area _GSINIT
                                     50 	.area _GSFINAL
                                     51 	.area _GSINIT
                                     52 ;--------------------------------------------------------
                                     53 ; Home
                                     54 ;--------------------------------------------------------
                                     55 	.area _HOME
                                     56 	.area _HOME
                                     57 ;--------------------------------------------------------
                                     58 ; code
                                     59 ;--------------------------------------------------------
                                     60 	.area _CODE
                                     61 ;main.c:19: void load_car_sprite(UINT8 direction) {
                                     62 ;	---------------------------------
                                     63 ; Function load_car_sprite
                                     64 ; ---------------------------------
      000000                         65 _load_car_sprite::
                                     66 ;main.c:20: set_sprite_tile(0, 4 * direction);
      000000 F8 02                   67 	ldhl	sp,	#2
      000002 4E                      68 	ld	c, (hl)
      000003 79                      69 	ld	a, c
      000004 87                      70 	add	a, a
      000005 87                      71 	add	a, a
      000006 47                      72 	ld	b, a
                                     73 ;C:/Users/campb/Documents/gbdk/include/gb/gb.h:1174: shadow_OAM[nb].tile=tile;
      000007 21r02r00                74 	ld	hl, #(_shadow_OAM + 2)
      00000A 70                      75 	ld	(hl), b
                                     76 ;main.c:21: car1.spriteids[0] = 0;
      00000B 21r01r00                77 	ld	hl, #(_car1 + 1)
      00000E 36 00                   78 	ld	(hl), #0x00
                                     79 ;main.c:22: set_sprite_tile(1, 4 * direction + 2);
      000010 79                      80 	ld	a, c
      000011 87                      81 	add	a, a
      000012 87                      82 	add	a, a
      000013 4F                      83 	ld	c, a
      000014 41                      84 	ld	b, c
      000015 04                      85 	inc	b
      000016 04                      86 	inc	b
                                     87 ;C:/Users/campb/Documents/gbdk/include/gb/gb.h:1174: shadow_OAM[nb].tile=tile;
      000017 21r06r00                88 	ld	hl, #(_shadow_OAM + 6)
      00001A 70                      89 	ld	(hl), b
                                     90 ;main.c:23: car1.spriteids[1] = 1;
      00001B 21r02r00                91 	ld	hl, #(_car1 + 2)
      00001E 36 01                   92 	ld	(hl), #0x01
                                     93 ;main.c:24: set_sprite_tile(2, 4 * direction + 1);
      000020 41                      94 	ld	b, c
      000021 04                      95 	inc	b
                                     96 ;C:/Users/campb/Documents/gbdk/include/gb/gb.h:1174: shadow_OAM[nb].tile=tile;
      000022 21r0Ar00                97 	ld	hl, #(_shadow_OAM + 10)
      000025 70                      98 	ld	(hl), b
                                     99 ;main.c:25: car1.spriteids[2] = 2;
      000026 21r03r00               100 	ld	hl, #(_car1 + 3)
      000029 36 02                  101 	ld	(hl), #0x02
                                    102 ;main.c:26: set_sprite_tile(3, 4 * direction + 3);
      00002B 0C                     103 	inc	c
      00002C 0C                     104 	inc	c
      00002D 0C                     105 	inc	c
                                    106 ;C:/Users/campb/Documents/gbdk/include/gb/gb.h:1174: shadow_OAM[nb].tile=tile;
      00002E 21r0Er00               107 	ld	hl, #(_shadow_OAM + 14)
      000031 71                     108 	ld	(hl), c
                                    109 ;main.c:27: car1.spriteids[3] = 3;
      000032 21r04r00               110 	ld	hl, #(_car1 + 4)
      000035 36 03                  111 	ld	(hl), #0x03
                                    112 ;main.c:28: }
      000037 C9                     113 	ret
      000038                        114 _car_light:
      000038 0F                     115 	.db #0x0f	; 15
      000039 0F                     116 	.db #0x0f	; 15
      00003A 08                     117 	.db #0x08	; 8
      00003B 0F                     118 	.db #0x0f	; 15
      00003C 13                     119 	.db #0x13	; 19
      00003D 1C                     120 	.db #0x1c	; 28
      00003E 1B                     121 	.db #0x1b	; 27
      00003F 14                     122 	.db #0x14	; 20
      000040 1F                     123 	.db #0x1f	; 31
      000041 10                     124 	.db #0x10	; 16
      000042 1D                     125 	.db #0x1d	; 29
      000043 12                     126 	.db #0x12	; 18
      000044 14                     127 	.db #0x14	; 20
      000045 1B                     128 	.db #0x1b	; 27
      000046 17                     129 	.db #0x17	; 23
      000047 1F                     130 	.db #0x1f	; 31
      000048 0F                     131 	.db #0x0f	; 15
      000049 0F                     132 	.db #0x0f	; 15
      00004A 0B                     133 	.db #0x0b	; 11
      00004B 0F                     134 	.db #0x0f	; 15
      00004C 0F                     135 	.db #0x0f	; 15
      00004D 08                     136 	.db #0x08	; 8
      00004E 17                     137 	.db #0x17	; 23
      00004F 18                     138 	.db #0x18	; 24
      000050 17                     139 	.db #0x17	; 23
      000051 18                     140 	.db #0x18	; 24
      000052 1F                     141 	.db #0x1f	; 31
      000053 17                     142 	.db #0x17	; 23
      000054 08                     143 	.db #0x08	; 8
      000055 0F                     144 	.db #0x0f	; 15
      000056 0F                     145 	.db #0x0f	; 15
      000057 0F                     146 	.db #0x0f	; 15
      000058 F0                     147 	.db #0xf0	; 240
      000059 F0                     148 	.db #0xf0	; 240
      00005A 10                     149 	.db #0x10	; 16
      00005B F0                     150 	.db #0xf0	; 240
      00005C C8                     151 	.db #0xc8	; 200
      00005D 38                     152 	.db #0x38	; 56	'8'
      00005E D8                     153 	.db #0xd8	; 216
      00005F 28                     154 	.db #0x28	; 40
      000060 F8                     155 	.db #0xf8	; 248
      000061 08                     156 	.db #0x08	; 8
      000062 B8                     157 	.db #0xb8	; 184
      000063 48                     158 	.db #0x48	; 72	'H'
      000064 28                     159 	.db #0x28	; 40
      000065 D8                     160 	.db #0xd8	; 216
      000066 E8                     161 	.db #0xe8	; 232
      000067 F8                     162 	.db #0xf8	; 248
      000068 F0                     163 	.db #0xf0	; 240
      000069 F0                     164 	.db #0xf0	; 240
      00006A D0                     165 	.db #0xd0	; 208
      00006B F0                     166 	.db #0xf0	; 240
      00006C F0                     167 	.db #0xf0	; 240
      00006D 10                     168 	.db #0x10	; 16
      00006E E8                     169 	.db #0xe8	; 232
      00006F 18                     170 	.db #0x18	; 24
      000070 E8                     171 	.db #0xe8	; 232
      000071 18                     172 	.db #0x18	; 24
      000072 F8                     173 	.db #0xf8	; 248
      000073 E8                     174 	.db #0xe8	; 232
      000074 10                     175 	.db #0x10	; 16
      000075 F0                     176 	.db #0xf0	; 240
      000076 F0                     177 	.db #0xf0	; 240
      000077 F0                     178 	.db #0xf0	; 240
      000078                        179 _map:
      000078 FF                     180 	.db #0xff	; 255
      000079 FA                     181 	.db #0xfa	; 250
      00007A 75                     182 	.db #0x75	; 117	'u'
      00007B 55                     183 	.db #0x55	; 85	'U'
      00007C 55                     184 	.db #0x55	; 85	'U'
      00007D 55                     185 	.db #0x55	; 85	'U'
      00007E DC                     186 	.db #0xdc	; 220
      00007F 44                     187 	.db #0x44	; 68	'D'
      000080 44                     188 	.db #0x44	; 68	'D'
      000081 44                     189 	.db #0x44	; 68	'D'
      000082 43                     190 	.db #0x43	; 67	'C'
      000083 6F                     191 	.db #0x6f	; 111	'o'
      000084 FF                     192 	.db #0xff	; 255
      000085 FF                     193 	.db #0xff	; 255
      000086 A8                     194 	.db #0xa8	; 168
      000087 11                     195 	.db #0x11	; 17
      000088 11                     196 	.db #0x11	; 17
      000089 11                     197 	.db #0x11	; 17
      00008A 11                     198 	.db #0x11	; 17
      00008B 98                     199 	.db #0x98	; 152
      00008C 00                     200 	.db #0x00	; 0
      00008D 00                     201 	.db #0x00	; 0
      00008E 00                     202 	.db #0x00	; 0
      00008F 00                     203 	.db #0x00	; 0
      000090 46                     204 	.db #0x46	; 70	'F'
      000091 FF                     205 	.db #0xff	; 255
      000092 FA                     206 	.db #0xfa	; 250
      000093 81                     207 	.db #0x81	; 129
      000094 11                     208 	.db #0x11	; 17
      000095 11                     209 	.db #0x11	; 17
      000096 11                     210 	.db #0x11	; 17
      000097 11                     211 	.db #0x11	; 17
      000098 98                     212 	.db #0x98	; 152
      000099 00                     213 	.db #0x00	; 0
      00009A 00                     214 	.db #0x00	; 0
      00009B 00                     215 	.db #0x00	; 0
      00009C 00                     216 	.db #0x00	; 0
      00009D 04                     217 	.db #0x04	; 4
      00009E 6F                     218 	.db #0x6f	; 111	'o'
      00009F F9                     219 	.db #0xf9	; 249
      0000A0 11                     220 	.db #0x11	; 17
      0000A1 11                     221 	.db #0x11	; 17
      0000A2 11                     222 	.db #0x11	; 17
      0000A3 11                     223 	.db #0x11	; 17
      0000A4 11                     224 	.db #0x11	; 17
      0000A5 98                     225 	.db #0x98	; 152
      0000A6 00                     226 	.db #0x00	; 0
      0000A7 00                     227 	.db #0x00	; 0
      0000A8 00                     228 	.db #0x00	; 0
      0000A9 00                     229 	.db #0x00	; 0
      0000AA 00                     230 	.db #0x00	; 0
      0000AB 5F                     231 	.db #0x5f	; 95
      0000AC FE                     232 	.db #0xfe	; 254
      0000AD 11                     233 	.db #0x11	; 17
      0000AE 11                     234 	.db #0x11	; 17
      0000AF 11                     235 	.db #0x11	; 17
      0000B0 11                     236 	.db #0x11	; 17
      0000B1 11                     237 	.db #0x11	; 17
      0000B2 98                     238 	.db #0x98	; 152
      0000B3 00                     239 	.db #0x00	; 0
      0000B4 00                     240 	.db #0x00	; 0
      0000B5 00                     241 	.db #0x00	; 0
      0000B6 00                     242 	.db #0x00	; 0
      0000B7 00                     243 	.db #0x00	; 0
      0000B8 6F                     244 	.db #0x6f	; 111	'o'
      0000B9 FE                     245 	.db #0xfe	; 254
      0000BA 11                     246 	.db #0x11	; 17
      0000BB 11                     247 	.db #0x11	; 17
      0000BC 11                     248 	.db #0x11	; 17
      0000BD 11                     249 	.db #0x11	; 17
      0000BE 11                     250 	.db #0x11	; 17
      0000BF 98                     251 	.db #0x98	; 152
      0000C0 00                     252 	.db #0x00	; 0
      0000C1 00                     253 	.db #0x00	; 0
      0000C2 00                     254 	.db #0x00	; 0
      0000C3 00                     255 	.db #0x00	; 0
      0000C4 00                     256 	.db #0x00	; 0
      0000C5 6F                     257 	.db #0x6f	; 111	'o'
      0000C6 40                     258 	.db #0x40	; 64
      0000C7 11                     259 	.db #0x11	; 17
      0000C8 11                     260 	.db #0x11	; 17
      0000C9 11                     261 	.db #0x11	; 17
      0000CA 11                     262 	.db #0x11	; 17
      0000CB 11                     263 	.db #0x11	; 17
      0000CC 98                     264 	.db #0x98	; 152
      0000CD 00                     265 	.db #0x00	; 0
      0000CE 00                     266 	.db #0x00	; 0
      0000CF 00                     267 	.db #0x00	; 0
      0000D0 00                     268 	.db #0x00	; 0
      0000D1 00                     269 	.db #0x00	; 0
      0000D2 6A                     270 	.db #0x6a	; 106	'j'
      0000D3 31                     271 	.db #0x31	; 49	'1'
      0000D4 11                     272 	.db #0x11	; 17
      0000D5 11                     273 	.db #0x11	; 17
      0000D6 11                     274 	.db #0x11	; 17
      0000D7 11                     275 	.db #0x11	; 17
      0000D8 11                     276 	.db #0x11	; 17
      0000D9 98                     277 	.db #0x98	; 152
      0000DA 00                     278 	.db #0x00	; 0
      0000DB 00                     279 	.db #0x00	; 0
      0000DC 00                     280 	.db #0x00	; 0
      0000DD 00                     281 	.db #0x00	; 0
      0000DE 00                     282 	.db #0x00	; 0
      0000DF 79                     283 	.db #0x79	; 121	'y'
      0000E0 31                     284 	.db #0x31	; 49	'1'
      0000E1                        285 _TileLabel:
      0000E1 AA                     286 	.db #0xaa	; 170
      0000E2 00                     287 	.db #0x00	; 0
      0000E3 55                     288 	.db #0x55	; 85	'U'
      0000E4 00                     289 	.db #0x00	; 0
      0000E5 AA                     290 	.db #0xaa	; 170
      0000E6 00                     291 	.db #0x00	; 0
      0000E7 55                     292 	.db #0x55	; 85	'U'
      0000E8 00                     293 	.db #0x00	; 0
      0000E9 AA                     294 	.db #0xaa	; 170
      0000EA 00                     295 	.db #0x00	; 0
      0000EB 55                     296 	.db #0x55	; 85	'U'
      0000EC 00                     297 	.db #0x00	; 0
      0000ED AA                     298 	.db #0xaa	; 170
      0000EE 00                     299 	.db #0x00	; 0
      0000EF 55                     300 	.db #0x55	; 85	'U'
      0000F0 00                     301 	.db #0x00	; 0
                                    302 ;main.c:30: void movegamecharacter(struct Car* car, UINT8 x, UINT8 y){
                                    303 ;	---------------------------------
                                    304 ; Function movegamecharacter
                                    305 ; ---------------------------------
      0000F1                        306 _movegamecharacter::
      0000F1 E8 FD                  307 	add	sp, #-3
                                    308 ;main.c:31: move_sprite(car->spriteids[0], x, y);
      0000F3 F8 08                  309 	ldhl	sp,	#8
      0000F5 7E                     310 	ld	a, (hl)
      0000F6 F8 00                  311 	ldhl	sp,	#0
      0000F8 77                     312 	ld	(hl), a
      0000F9 F8 07                  313 	ldhl	sp,	#7
      0000FB 7E                     314 	ld	a, (hl)
      0000FC F8 01                  315 	ldhl	sp,	#1
      0000FE 77                     316 	ld	(hl), a
      0000FF F8 05                  317 	ldhl	sp,	#5
      000101 2A                     318 	ld	a, (hl+)
      000102 5F                     319 	ld	e, a
      000103 56                     320 	ld	d, (hl)
      000104 6B                     321 	ld	l, e
                                    322 ;	spillPairReg hl
                                    323 ;	spillPairReg hl
      000105 62                     324 	ld	h, d
                                    325 ;	spillPairReg hl
                                    326 ;	spillPairReg hl
      000106 23                     327 	inc	hl
                                    328 ;C:/Users/campb/Documents/gbdk/include/gb/gb.h:1247: OAM_item_t * itm = &shadow_OAM[nb];
      000107 6E                     329 	ld	l, (hl)
                                    330 ;	spillPairReg hl
                                    331 ;	spillPairReg hl
      000108 26 00                  332 	ld	h, #0x00
                                    333 ;	spillPairReg hl
                                    334 ;	spillPairReg hl
      00010A 29                     335 	add	hl, hl
      00010B 29                     336 	add	hl, hl
      00010C 01r00r00               337 	ld	bc, #_shadow_OAM
      00010F 09                     338 	add	hl, bc
      000110 4D                     339 	ld	c, l
      000111 44                     340 	ld	b, h
                                    341 ;C:/Users/campb/Documents/gbdk/include/gb/gb.h:1248: itm->y=y, itm->x=x;
      000112 F8 00                  342 	ldhl	sp,	#0
      000114 2A                     343 	ld	a, (hl+)
      000115 02                     344 	ld	(bc), a
      000116 03                     345 	inc	bc
      000117 7E                     346 	ld	a, (hl)
      000118 02                     347 	ld	(bc), a
                                    348 ;main.c:32: move_sprite(car->spriteids[1], x + spritesize, y);
      000119 7E                     349 	ld	a, (hl)
                                    350 ;setupPair	HL
      00011A 21r00r00               351 	ld	hl, #_spritesize
      00011D 86                     352 	add	a, (hl)
      00011E 6B                     353 	ld	l, e
                                    354 ;	spillPairReg hl
                                    355 ;	spillPairReg hl
      00011F 62                     356 	ld	h, d
                                    357 ;	spillPairReg hl
                                    358 ;	spillPairReg hl
      000120 23                     359 	inc	hl
      000121 23                     360 	inc	hl
      000122 4E                     361 	ld	c, (hl)
      000123 F8 02                  362 	ldhl	sp,	#2
      000125 77                     363 	ld	(hl), a
                                    364 ;C:/Users/campb/Documents/gbdk/include/gb/gb.h:1247: OAM_item_t * itm = &shadow_OAM[nb];
      000126 69                     365 	ld	l, c
                                    366 ;	spillPairReg hl
                                    367 ;	spillPairReg hl
      000127 26 00                  368 	ld	h, #0x00
                                    369 ;	spillPairReg hl
                                    370 ;	spillPairReg hl
      000129 29                     371 	add	hl, hl
      00012A 29                     372 	add	hl, hl
      00012B 01r00r00               373 	ld	bc, #_shadow_OAM
      00012E 09                     374 	add	hl, bc
      00012F 4D                     375 	ld	c, l
      000130 44                     376 	ld	b, h
                                    377 ;C:/Users/campb/Documents/gbdk/include/gb/gb.h:1248: itm->y=y, itm->x=x;
      000131 F8 00                  378 	ldhl	sp,	#0
      000133 2A                     379 	ld	a, (hl+)
      000134 23                     380 	inc	hl
      000135 02                     381 	ld	(bc), a
      000136 03                     382 	inc	bc
                                    383 ;main.c:33: move_sprite(car->spriteids[2], x, y + spritesize);
      000137 3A                     384 	ld	a, (hl-)
      000138 2B                     385 	dec	hl
      000139 02                     386 	ld	(bc), a
      00013A 7E                     387 	ld	a, (hl)
                                    388 ;setupPair	HL
      00013B 21r00r00               389 	ld	hl, #_spritesize
      00013E 86                     390 	add	a, (hl)
      00013F 4F                     391 	ld	c, a
      000140 6B                     392 	ld	l, e
                                    393 ;	spillPairReg hl
                                    394 ;	spillPairReg hl
      000141 62                     395 	ld	h, d
                                    396 ;	spillPairReg hl
                                    397 ;	spillPairReg hl
      000142 23                     398 	inc	hl
      000143 23                     399 	inc	hl
      000144 23                     400 	inc	hl
                                    401 ;C:/Users/campb/Documents/gbdk/include/gb/gb.h:1247: OAM_item_t * itm = &shadow_OAM[nb];
      000145 6E                     402 	ld	l, (hl)
                                    403 ;	spillPairReg hl
                                    404 ;	spillPairReg hl
      000146 26 00                  405 	ld	h, #0x00
                                    406 ;	spillPairReg hl
                                    407 ;	spillPairReg hl
      000148 29                     408 	add	hl, hl
      000149 29                     409 	add	hl, hl
      00014A D5                     410 	push	de
      00014B 11r00r00               411 	ld	de, #_shadow_OAM
      00014E 19                     412 	add	hl, de
      00014F D1                     413 	pop	de
                                    414 ;C:/Users/campb/Documents/gbdk/include/gb/gb.h:1248: itm->y=y, itm->x=x;
      000150 79                     415 	ld	a, c
      000151 22                     416 	ld	(hl+), a
      000152 4D                     417 	ld	c, l
      000153 44                     418 	ld	b, h
      000154 F8 01                  419 	ldhl	sp,	#1
                                    420 ;main.c:34: move_sprite(car->spriteids[3], x + spritesize, y + spritesize);
      000156 3A                     421 	ld	a, (hl-)
      000157 02                     422 	ld	(bc), a
      000158 7E                     423 	ld	a, (hl)
                                    424 ;setupPair	HL
      000159 21r00r00               425 	ld	hl, #_spritesize
      00015C 86                     426 	add	a, (hl)
      00015D 47                     427 	ld	b, a
      00015E F8 01                  428 	ldhl	sp,	#1
      000160 7E                     429 	ld	a, (hl)
                                    430 ;setupPair	HL
      000161 21r00r00               431 	ld	hl, #_spritesize
      000164 86                     432 	add	a, (hl)
      000165 4F                     433 	ld	c, a
      000166 21 04 00               434 	ld	hl, #0x0004
      000169 19                     435 	add	hl, de
                                    436 ;C:/Users/campb/Documents/gbdk/include/gb/gb.h:1247: OAM_item_t * itm = &shadow_OAM[nb];
      00016A 6E                     437 	ld	l, (hl)
                                    438 ;	spillPairReg hl
                                    439 ;	spillPairReg hl
      00016B 26 00                  440 	ld	h, #0x00
                                    441 ;	spillPairReg hl
                                    442 ;	spillPairReg hl
      00016D 29                     443 	add	hl, hl
      00016E 29                     444 	add	hl, hl
      00016F 11r00r00               445 	ld	de, #_shadow_OAM
      000172 19                     446 	add	hl, de
                                    447 ;C:/Users/campb/Documents/gbdk/include/gb/gb.h:1248: itm->y=y, itm->x=x;
      000173 78                     448 	ld	a, b
      000174 22                     449 	ld	(hl+), a
      000175 71                     450 	ld	(hl), c
                                    451 ;main.c:34: move_sprite(car->spriteids[3], x + spritesize, y + spritesize);
                                    452 ;main.c:35: }
      000176 E8 03                  453 	add	sp, #3
      000178 C9                     454 	ret
                                    455 ;main.c:37: void performantdelay(UINT8 numloops){
                                    456 ;	---------------------------------
                                    457 ; Function performantdelay
                                    458 ; ---------------------------------
      000179                        459 _performantdelay::
                                    460 ;main.c:39: for(i = 0; i < numloops; i++){
      000179 0E 00                  461 	ld	c, #0x00
      00017B                        462 00103$:
      00017B 79                     463 	ld	a, c
      00017C F8 02                  464 	ldhl	sp,	#2
      00017E 96                     465 	sub	a, (hl)
      00017F D0                     466 	ret	NC
                                    467 ;main.c:40: wait_vbl_done();
      000180 CDr00r00               468 	call	_wait_vbl_done
                                    469 ;main.c:39: for(i = 0; i < numloops; i++){
      000183 0C                     470 	inc	c
                                    471 ;main.c:42: }
      000184 18 F5                  472 	jr	00103$
                                    473 ;main.c:44: void setupcar_light(){
                                    474 ;	---------------------------------
                                    475 ; Function setupcar_light
                                    476 ; ---------------------------------
      000186                        477 _setupcar_light::
                                    478 ;main.c:45: car1.direction = 0;
      000186 21r00r00               479 	ld	hl, #_car1
      000189 36 00                  480 	ld	(hl), #0x00
                                    481 ;main.c:46: car1.x = 80;
      00018B 21r05r00               482 	ld	hl, #(_car1 + 5)
      00018E 36 50                  483 	ld	(hl), #0x50
                                    484 ;main.c:47: car1.y = 130;
      000190 21r06r00               485 	ld	hl, #(_car1 + 6)
      000193 36 82                  486 	ld	(hl), #0x82
                                    487 ;main.c:48: car1.width = 16;
      000195 21r07r00               488 	ld	hl, #(_car1 + 7)
      000198 36 10                  489 	ld	(hl), #0x10
                                    490 ;main.c:49: car1.height = 16;
      00019A 21r08r00               491 	ld	hl, #(_car1 + 8)
      00019D 36 10                  492 	ld	(hl), #0x10
                                    493 ;main.c:51: set_sprite_data(0, 8, car_light);
      00019F 11r38r00               494 	ld	de, #_car_light
      0001A2 D5                     495 	push	de
      0001A3 21 00 08               496 	ld	hl, #0x800
      0001A6 E5                     497 	push	hl
      0001A7 CDr00r00               498 	call	_set_sprite_data
      0001AA E8 04                  499 	add	sp, #4
                                    500 ;main.c:52: load_car_sprite(car1.direction);
      0001AC FAr00r00               501 	ld	a, (#_car1 + 0)
      0001AF F5                     502 	push	af
      0001B0 33                     503 	inc	sp
      0001B1 CDr00r00               504 	call	_load_car_sprite
      0001B4 33                     505 	inc	sp
                                    506 ;main.c:65: movegamecharacter(&car1, car1.x, car1.y);
      0001B5 21r06r00               507 	ld	hl, #(_car1 + 6)
      0001B8 46                     508 	ld	b, (hl)
      0001B9 FAr05r00               509 	ld	a, (#(_car1 + 5) + 0)
      0001BC C5                     510 	push	bc
      0001BD 33                     511 	inc	sp
      0001BE F5                     512 	push	af
      0001BF 33                     513 	inc	sp
      0001C0 11r00r00               514 	ld	de, #_car1
      0001C3 D5                     515 	push	de
      0001C4 CDrF1r00               516 	call	_movegamecharacter
      0001C7 E8 04                  517 	add	sp, #4
                                    518 ;main.c:66: }
      0001C9 C9                     519 	ret
                                    520 ;main.c:68: void main(){
                                    521 ;	---------------------------------
                                    522 ; Function main
                                    523 ; ---------------------------------
      0001CA                        524 _main::
                                    525 ;main.c:72: set_bkg_data(0, 3, map);
      0001CA 11r78r00               526 	ld	de, #_map
      0001CD D5                     527 	push	de
      0001CE 21 00 03               528 	ld	hl, #0x300
      0001D1 E5                     529 	push	hl
      0001D2 CDr00r00               530 	call	_set_bkg_data
      0001D5 E8 04                  531 	add	sp, #4
                                    532 ;main.c:73: set_bkg_tiles(0, 0, 40, 18, TileLabel);
      0001D7 11rE1r00               533 	ld	de, #_TileLabel
      0001DA D5                     534 	push	de
      0001DB 21 28 12               535 	ld	hl, #0x1228
      0001DE E5                     536 	push	hl
      0001DF AF                     537 	xor	a, a
      0001E0 0F                     538 	rrca
      0001E1 F5                     539 	push	af
      0001E2 CDr00r00               540 	call	_set_bkg_tiles
      0001E5 E8 06                  541 	add	sp, #6
                                    542 ;main.c:74: SHOW_BKG;
      0001E7 F0r00                  543 	ldh	a, (_LCDC_REG + 0)
      0001E9 F6 01                  544 	or	a, #0x01
      0001EB E0r00                  545 	ldh	(_LCDC_REG + 0), a
                                    546 ;main.c:76: set_sprite_data(0,4, car_light);
      0001ED 11r38r00               547 	ld	de, #_car_light
      0001F0 D5                     548 	push	de
      0001F1 21 00 04               549 	ld	hl, #0x400
      0001F4 E5                     550 	push	hl
      0001F5 CDr00r00               551 	call	_set_sprite_data
      0001F8 E8 04                  552 	add	sp, #4
                                    553 ;main.c:77: setupcar_light();
      0001FA CDr86r01               554 	call	_setupcar_light
                                    555 ;main.c:78: SHOW_SPRITES;
      0001FD F0r00                  556 	ldh	a, (_LCDC_REG + 0)
      0001FF F6 02                  557 	or	a, #0x02
      000201 E0r00                  558 	ldh	(_LCDC_REG + 0), a
                                    559 ;main.c:79: DISPLAY_ON;
      000203 F0r00                  560 	ldh	a, (_LCDC_REG + 0)
      000205 F6 80                  561 	or	a, #0x80
      000207 E0r00                  562 	ldh	(_LCDC_REG + 0), a
                                    563 ;main.c:81: while(1){
      000209                        564 00112$:
                                    565 ;main.c:82: if(joypad() & J_LEFT){
      000209 CDr00r00               566 	call	_joypad
      00020C CB 4B                  567 	bit	1, e
      00020E 28 15                  568 	jr	Z, 00105$
                                    569 ;main.c:83: if (car1.direction == 0) {
      000210 01r00r00               570 	ld	bc, #_car1+0
      000213 0A                     571 	ld	a, (bc)
      000214 B7                     572 	or	a, a
      000215 20 05                  573 	jr	NZ, 00102$
                                    574 ;main.c:84: car1.direction = 15;
      000217 3E 0F                  575 	ld	a, #0x0f
      000219 02                     576 	ld	(bc), a
      00021A 18 02                  577 	jr	00103$
      00021C                        578 00102$:
                                    579 ;main.c:86: car1.direction -= 1;
      00021C 3D                     580 	dec	a
      00021D 02                     581 	ld	(bc), a
      00021E                        582 00103$:
                                    583 ;main.c:88: load_car_sprite(car1.direction);
      00021E 0A                     584 	ld	a, (bc)
      00021F F5                     585 	push	af
      000220 33                     586 	inc	sp
      000221 CDr00r00               587 	call	_load_car_sprite
      000224 33                     588 	inc	sp
      000225                        589 00105$:
                                    590 ;main.c:90: if(joypad() & J_RIGHT){
      000225 CDr00r00               591 	call	_joypad
      000228 7B                     592 	ld	a, e
      000229 0F                     593 	rrca
      00022A 30 15                  594 	jr	NC, 00110$
                                    595 ;main.c:91: if (car1.direction == 15) {
      00022C 01r00r00               596 	ld	bc, #_car1+0
      00022F 0A                     597 	ld	a, (bc)
      000230 FE 0F                  598 	cp	a, #0x0f
      000232 20 04                  599 	jr	NZ, 00107$
                                    600 ;main.c:92: car1.direction = 0;
      000234 AF                     601 	xor	a, a
      000235 02                     602 	ld	(bc), a
      000236 18 02                  603 	jr	00108$
      000238                        604 00107$:
                                    605 ;main.c:94: car1.direction += 1;
      000238 3C                     606 	inc	a
      000239 02                     607 	ld	(bc), a
      00023A                        608 00108$:
                                    609 ;main.c:96: load_car_sprite(car1.direction);
      00023A 0A                     610 	ld	a, (bc)
      00023B F5                     611 	push	af
      00023C 33                     612 	inc	sp
      00023D CDr00r00               613 	call	_load_car_sprite
      000240 33                     614 	inc	sp
      000241                        615 00110$:
                                    616 ;main.c:98: performantdelay(5);    
      000241 3E 05                  617 	ld	a, #0x05
      000243 F5                     618 	push	af
      000244 33                     619 	inc	sp
      000245 CDr79r01               620 	call	_performantdelay
      000248 33                     621 	inc	sp
                                    622 ;main.c:99: performantdelay(15);
      000249 3E 0F                  623 	ld	a, #0x0f
      00024B F5                     624 	push	af
      00024C 33                     625 	inc	sp
      00024D CDr79r01               626 	call	_performantdelay
      000250 33                     627 	inc	sp
                                    628 ;main.c:101: }
      000251 18 B6                  629 	jr	00112$
                                    630 	.area _CODE
                                    631 	.area _INITIALIZER
      000000                        632 __xinit__spritesize:
      000000 08                     633 	.db #0x08	; 8
                                    634 	.area _CABS (ABS)
